{
  "chain": [
    {
      "chat_id": 1001,
      "from_id": 1001,
      "step": null,
      "content": null
    }
  ]
}